npm warn Unknown env config "http-proxy". This will stop working in the next major version of npm.

> climateready-africa@1.0.1 test:api
> node scripts/verify-api.mjs

▲ [WARNING] Proxy environment variables detected. We'll use your proxy for fetch requests.



 ⛅️ wrangler 4.92.0
───────────────────
Resource location: local 

Use --remote if you want to access the remote instance.

Migrations to be applied:
┌──────────────────────────┐
│ name                     │
├──────────────────────────┤
│ 0000_lovely_nicolaos.sql │
└──────────────────────────┘
? About to apply 1 migration(s)
Your database may not be available to serve requests during the migration, continue?
🤖 Using fallback value in non-interactive context: yes
🌀 Executing on local database climateready-africa (00000000-0000-4000-8000-000000000000) from .wrangler/state/v3/d1:
🌀 To execute on your remote database, add a --remote flag to your wrangler command.
🚣 2 commands executed successfully.
┌──────────────────────────┬────────┐
│ name                     │ status │
├──────────────────────────┼────────┤
│ 0000_lovely_nicolaos.sql │ ✅     │
└──────────────────────────┴────────┘
API-01 PASS: four fictional templates returned
API-02 PASS: anonymous creation rejected with 403
API-03 PASS: direct anonymous update rejected with 403
API-04 PASS: shared templates unchanged after write attempts
RESULT: 4/4 local HTTP checks passed
