npm warn Unknown env config "http-proxy". This will stop working in the next major version of npm.

> climateready-africa@1.0.1 build
> vinext build


  vinext build  (Vite 8.0.13)

▲ [WARNING] Proxy environment variables detected. We'll use your proxy for fetch requests.


[1/5] analyze client references...

transforming...✓ 246 modules transformed.
rendering chunks...
✓ built in 680ms
[2/5] analyze server references...

transforming...✓ 221 modules transformed.
rendering chunks...
✓ built in 322ms
[3/5] build rsc environment...

transforming...✓ 252 modules transformed.
rendering chunks...
computing gzip size...
✓ built in 617ms
[4/5] build client environment...

transforming...✓ 2006 modules transformed.
rendering chunks...
